// Vitest Snapshot v1, https://vitest.dev/guide/snapshot.html

exports[`Matches snapshot 1`] = `
<DocumentFragment>
  <div
    style="width: 100px; height: 100px; background-color: red; display: inline-block; margin: 5px;"
  />
  <button>
    X
  </button>
</DocumentFragment>
`;
